[rahbar.mindsurf.com.pk/index.html]
[backblue.gif]
[fade.gif]
[index.html]
[rahbar.mindsurf.com.pk/index-2.html]
[rahbar.mindsurf.com.pk/templates/sj_plus/favicon.ico]
[rahbar.mindsurf.com.pk/templates/system/css/general.css]
[rahbar.mindsurf.com.pk/templates/system/css/system.css]
[rahbar.mindsurf.com.pk/yt-assets/developing/templates^sj_plus^asset^bootstrap^less^bootstrap.css]
[rahbar.mindsurf.com.pk/yt-assets/developing/templates^sj_plus^asset^animate^animate.css]
[rahbar.mindsurf.com.pk/yt-assets/developing/templates^sj_plus^asset^fonts^awesome^font-awesome.css]
[rahbar.mindsurf.com.pk/yt-assets/developing/templates^sj_plus^asset^fonts^socialico^font-socialico.css]
[rahbar.mindsurf.com.pk/yt-assets/developing/templates^sj_plus^less^template.css]
[rahbar.mindsurf.com.pk/yt-assets/developing/templates^sj_plus^less^bonus-page.css]
[rahbar.mindsurf.com.pk/yt-assets/developing/templates^sj_plus^less^pattern.css]
[rahbar.mindsurf.com.pk/templates/sj_plus/asset/minicolors/jquery.miniColors.css]
[rahbar.mindsurf.com.pk/yt-assets/developing/templates^sj_plus^asset^bootstrap^less^responsive.css]
[rahbar.mindsurf.com.pk/yt-assets/developing/templates^sj_plus^less^responsive.css]
[rahbar.mindsurf.com.pk/plugins/system/yt/includes/admin/js/jquery.min.js]
[rahbar.mindsurf.com.pk/plugins/system/yt/includes/admin/js/jquery-noconflict.js]
[rahbar.mindsurf.com.pk/media/system/js/core.js]
[rahbar.mindsurf.com.pk/media/system/js/caption.js]
[rahbar.mindsurf.com.pk/media/system/js/mootools-core.js]
[rahbar.mindsurf.com.pk/media/jui/js/jquery-noconflict.js]
[rahbar.mindsurf.com.pk/media/jui/js/bootstrap.min.js]
[rahbar.mindsurf.com.pk/templates/sj_plus/js/yt-script.js]
[rahbar.mindsurf.com.pk/templates/sj_plus/js/prettify.js]
[rahbar.mindsurf.com.pk/templates/sj_plus/js/ytcpanel.js]
[rahbar.mindsurf.com.pk/templates/sj_plus/asset/minicolors/jquery.miniColors.min.js]
[rahbar.mindsurf.com.pk/templates/sj_plus/js/yt-extend.js]
[rahbar.mindsurf.com.pk/templates/sj_plus/menusys/class/common/js/jquery.easing.1.3.js]
[rahbar.mindsurf.com.pk/templates/sj_plus/menusys/class/moo/assets/jquery.moomenu.js]
[rahbar.mindsurf.com.pk/index-3.html]
[rahbar.mindsurf.com.pk/images/rahbar/ACHeader.png]
[rahbar.mindsurf.com.pk/index.php/pehla-hadaf.html]
[rahbar.mindsurf.com.pk/index.php/doosra-hadaf.html]
[rahbar.mindsurf.com.pk/index.php/teesra-hadaf.html]
[rahbar.mindsurf.com.pk/index.php/chautha-hadaf.html]
[rahbar.mindsurf.com.pk/index.php/paanchwa-hadaf.html]
[rahbar.mindsurf.com.pk/index.html]
[rahbar.mindsurf.com.pk/images/rahbar/RahbarLogo.png]
[rahbar.mindsurf.com.pk/index-2.html]
[rahbar.mindsurf.com.pk/templates/system/images/j_button2_left.png]
[rahbar.mindsurf.com.pk/templates/system/images/j_button2_right.png]
[rahbar.mindsurf.com.pk/templates/system/images/j_button2_image.png]
[rahbar.mindsurf.com.pk/templates/system/images/j_button2_readmore.png]
[rahbar.mindsurf.com.pk/templates/system/images/j_button2_pagebreak.png]
[rahbar.mindsurf.com.pk/templates/system/images/j_button2_blank.png]
[rahbar.mindsurf.com.pk/templates/system/images/selector-arrow.png]
[rahbar.mindsurf.com.pk/templates/system/images/calendar.png]
[rahbar.mindsurf.com.pk/templates/system/css/general.css]
[rahbar.mindsurf.com.pk/media/system/css/system.css]
[rahbar.mindsurf.com.pk/templates/system/css/system.css]
[rahbar.mindsurf.com.pk/templates/sj_plus/asset/bootstrap/img/glyphicons-halflings.png]
[rahbar.mindsurf.com.pk/templates/sj_plus/asset/bootstrap/img/glyphicons-halflings-white.png]
[rahbar.mindsurf.com.pk/yt-assets/developing/templates^sj_plus^asset^bootstrap^less^bootstrap.css]
[rahbar.mindsurf.com.pk/yt-assets/developing/templates^sj_plus^asset^animate^animate.css]
[rahbar.mindsurf.com.pk/templates/sj_plus/asset/fonts/awesome/fontawesome-webfont.eot]
[rahbar.mindsurf.com.pk/templates/sj_plus/asset/fonts/awesome/fontawesome-webfontd41dd41d.eot]
[rahbar.mindsurf.com.pk/templates/sj_plus/asset/fonts/awesome/fontawesome-webfont.woff]
[rahbar.mindsurf.com.pk/yt-assets/developing/templates^sj_plus^asset^fonts^awesome^font-awesome.css]
[rahbar.mindsurf.com.pk/templates/sj_plus/asset/fonts/awesome/fontawesome-webfont.ttf]
[rahbar.mindsurf.com.pk/templates/sj_plus/asset/fonts/socialico/socialico-webfont.eot]
[rahbar.mindsurf.com.pk/templates/sj_plus/asset/fonts/socialico/socialico-webfontd41dd41d.eot]
[rahbar.mindsurf.com.pk/templates/sj_plus/asset/fonts/socialico/socialico-webfont.woff]
[rahbar.mindsurf.com.pk/templates/sj_plus/asset/fonts/socialico/socialico-webfont.ttf]
[rahbar.mindsurf.com.pk/yt-assets/developing/templates^sj_plus^asset^fonts^socialico^font-socialico.css]
[rahbar.mindsurf.com.pk/templates/sj_plus/images/cpanel/bg-cpanel-head.png]
[rahbar.mindsurf.com.pk/templates/sj_plus/images/shortcode/dk_arrows.png]
[rahbar.mindsurf.com.pk/templates/sj_plus/images/header-bg.png]
[rahbar.mindsurf.com.pk/templates/sj_plus/images/breadcrumb_separate.png]
[rahbar.mindsurf.com.pk/templates/sj_plus/images/loading.gif]
[rahbar.mindsurf.com.pk/templates/sj_plus/images/pattern/pattern1.png]
[rahbar.mindsurf.com.pk/templates/sj_plus/images/pattern/pattern2.png]
[rahbar.mindsurf.com.pk/templates/sj_plus/images/pattern/pattern3.png]
[rahbar.mindsurf.com.pk/templates/sj_plus/images/pattern/pattern5.png]
[rahbar.mindsurf.com.pk/templates/sj_plus/images/variations/badge.png]
[rahbar.mindsurf.com.pk/yt-assets/developing/templates^sj_plus^less^template.css]
[rahbar.mindsurf.com.pk/yt-assets/developing/templates^sj_plus^less^bonus-page.css]
[rahbar.mindsurf.com.pk/yt-assets/developing/templates^sj_plus^less^your_css.css]
[rahbar.mindsurf.com.pk/templates/sj_plus/images/pattern/header/pattern1.png]
[rahbar.mindsurf.com.pk/templates/sj_plus/images/pattern/header/pattern2.png]
[rahbar.mindsurf.com.pk/templates/sj_plus/images/pattern/header/pattern3.png]
[rahbar.mindsurf.com.pk/templates/sj_plus/images/pattern/header/pattern4.png]
[rahbar.mindsurf.com.pk/templates/sj_plus/images/pattern/header/pattern5.png]
[rahbar.mindsurf.com.pk/templates/sj_plus/images/pattern/footer/pattern1.png]
[rahbar.mindsurf.com.pk/templates/sj_plus/images/pattern/footer/pattern2.png]
[rahbar.mindsurf.com.pk/templates/sj_plus/images/pattern/footer/pattern3.png]
[rahbar.mindsurf.com.pk/templates/sj_plus/images/pattern/footer/pattern4.png]
[rahbar.mindsurf.com.pk/yt-assets/developing/templates^sj_plus^less^pattern.css]
[rahbar.mindsurf.com.pk/templates/sj_plus/images/pattern/footer/pattern5.png]
[rahbar.mindsurf.com.pk/templates/sj_plus/asset/minicolors/images/colors.png]
[rahbar.mindsurf.com.pk/templates/sj_plus/asset/minicolors/images/trigger.png]
[rahbar.mindsurf.com.pk/templates/sj_plus/asset/minicolors/jquery.miniColors.css]
[rahbar.mindsurf.com.pk/yt-assets/developing/templates^sj_plus^asset^bootstrap^less^responsive.css]
[rahbar.mindsurf.com.pk/yt-assets/developing/templates^sj_plus^less^responsive.css]
[rahbar.mindsurf.com.pk/index-3.html]
[rahbar.mindsurf.com.pk/images/rahbar/jaanein.jpg]
[rahbar.mindsurf.com.pk/index.php/pehla-hadaf/15-pehla-hadaf-1.html]
[rahbar.mindsurf.com.pk/index.php/pehla-hadaf/16-pehla-hadaf-2.html]
[rahbar.mindsurf.com.pk/index.php/pehla-hadaf/17-pehla-hadaf-3.html]
[rahbar.mindsurf.com.pk/index.php/pehla-hadaf.html]
[rahbar.mindsurf.com.pk/images/rahbar/soch.jpg]
[rahbar.mindsurf.com.pk/index.php/pehla-hadaf/18-pehla-hadaf-4.html]
[rahbar.mindsurf.com.pk/index.php/doosra-hadaf/20-doosra-hadaf-1.html]
[rahbar.mindsurf.com.pk/index.php/doosra-hadaf.html]
[rahbar.mindsurf.com.pk/index.php/doosra-hadaf/21-doosra-hadaf-2.html]
[rahbar.mindsurf.com.pk/index.php/doosra-hadaf/22-doosra-hadaf-3.html]
[rahbar.mindsurf.com.pk/images/rahbar/hero.jpg]
[rahbar.mindsurf.com.pk/index.php/teesra-hadaf.html]
[rahbar.mindsurf.com.pk/images/rahbar/exposure.jpg]
[rahbar.mindsurf.com.pk/index.php/teesra-hadaf/24-teesra-hadaf-2.html]
[rahbar.mindsurf.com.pk/index.php/chautha-hadaf.html]
[rahbar.mindsurf.com.pk/images/rahbar/careers.jpg]
[rahbar.mindsurf.com.pk/index.php/chautha-hadaf/25-chautha-hadaf-1.html]
[rahbar.mindsurf.com.pk/index.php/paanchwa-hadaf/26-paanchwa-hadaf-1.html]
[rahbar.mindsurf.com.pk/index.php/paanchwa-hadaf/27-paanchwa-hadaf-2.html]
[rahbar.mindsurf.com.pk/index.php/paanchwa-hadaf.html]
[rahbar.mindsurf.com.pk/media/system/images/notice-info.png]
[rahbar.mindsurf.com.pk/index.php/paanchwa-hadaf/28-paanchwa-hadaf-3.html]
[rahbar.mindsurf.com.pk/media/system/images/notice-alert.png]
[rahbar.mindsurf.com.pk/media/system/images/notice-note.png]
[rahbar.mindsurf.com.pk/media/system/css/system.css]
[rahbar.mindsurf.com.pk/templates/sj_plus/asset/fonts/socialico/socialico-webfont.svg]
[rahbar.mindsurf.com.pk/templates/sj_plus/images/mask.svg]
[rahbar.mindsurf.com.pk/index.php/pehla-hadaf/15-pehla-hadaf-1c0d0c0d0.html]
[rahbar.mindsurf.com.pk/index.php/pehla-hadaf/15-pehla-hadaf-17b177b17.html]
[rahbar.mindsurf.com.pk/templates/sj_plus/images/white.gif]
[rahbar.mindsurf.com.pk/templates/sj_plus/js/jquery.lazyload.js]
[rahbar.mindsurf.com.pk/images/rahbar/nameinaction.jpg]
[rahbar.mindsurf.com.pk/index.php/pehla-hadaf/15-pehla-hadaf-1/8-traditional-elimination-games.html]
[rahbar.mindsurf.com.pk/images/rahbar/truths.jpg]
[rahbar.mindsurf.com.pk/media/system/js/mootools-more.js]
[rahbar.mindsurf.com.pk/images/rahbar/secret.jpg]
[rahbar.mindsurf.com.pk/index.php/pehla-hadaf/15-pehla-hadaf-1/7-two-truths-and-a-lie.html]
[rahbar.mindsurf.com.pk/index.php/pehla-hadaf/15-pehla-hadaf-1/6-my-awesome-secret.html]
[rahbar.mindsurf.com.pk/images/rahbar/musical.jpg]
[rahbar.mindsurf.com.pk/index.php/pehla-hadaf/15-pehla-hadaf-1/5-musical-chairs.html]
[rahbar.mindsurf.com.pk/index.php/pehla-hadaf/15-pehla-hadaf-1/3-my-name-in-action.html]
[rahbar.mindsurf.com.pk/images/rahbar/yarn.jpg]
[rahbar.mindsurf.com.pk/index.php/pehla-hadaf/15-pehla-hadaf-1.html]
[rahbar.mindsurf.com.pk/index.php/pehla-hadaf/15-pehla-hadaf-1/2-web-of-yarn.html]
[rahbar.mindsurf.com.pk/index.php/pehla-hadaf/16-pehla-hadaf-2c0d0c0d0.html]
[rahbar.mindsurf.com.pk/index.php/pehla-hadaf/16-pehla-hadaf-27b177b17.html]
[rahbar.mindsurf.com.pk/images/rahbar/treasure.jpg]
[rahbar.mindsurf.com.pk/images/rahbar/roleplay.jpg]
[rahbar.mindsurf.com.pk/index.php/pehla-hadaf/16-pehla-hadaf-2/10-treasure-hunt.html]
[rahbar.mindsurf.com.pk/index.php/pehla-hadaf/16-pehla-hadaf-2.html]
[rahbar.mindsurf.com.pk/index.php/pehla-hadaf/16-pehla-hadaf-2/9-good-bad-conduct-roleplays.html]
[rahbar.mindsurf.com.pk/index.php/pehla-hadaf/17-pehla-hadaf-3c0d0c0d0.html]
[rahbar.mindsurf.com.pk/index.php/pehla-hadaf/17-pehla-hadaf-37b177b17.html]
[rahbar.mindsurf.com.pk/images/rahbar/habits.jpg]
[rahbar.mindsurf.com.pk/index.php/pehla-hadaf/17-pehla-hadaf-3.html]
[rahbar.mindsurf.com.pk/index.php/pehla-hadaf/17-pehla-hadaf-3/12-habits-from-a-hat.html]
[rahbar.mindsurf.com.pk/index.php/pehla-hadaf/17-pehla-hadaf-3/11-aadatein-roleplays.html]
[rahbar.mindsurf.com.pk/index.php/pehla-hadaf/18-pehla-hadaf-4c0d0c0d0.html]
[rahbar.mindsurf.com.pk/index.php/pehla-hadaf/18-pehla-hadaf-47b177b17.html]
[rahbar.mindsurf.com.pk/images/rahbar/voted.jpg]
[rahbar.mindsurf.com.pk/index.php/pehla-hadaf/18-pehla-hadaf-4.html]
[rahbar.mindsurf.com.pk/index.php/pehla-hadaf/18-pehla-hadaf-4/13-voted-brainstorming.html]
[rahbar.mindsurf.com.pk/index.php/doosra-hadaf/20-doosra-hadaf-1c0d0c0d0.html]
[rahbar.mindsurf.com.pk/index.php/doosra-hadaf/20-doosra-hadaf-17b177b17.html]
[rahbar.mindsurf.com.pk/images/rahbar/bare.jpg]
[rahbar.mindsurf.com.pk/index.php/doosra-hadaf/20-doosra-hadaf-1/18-bare-essentials.html]
[rahbar.mindsurf.com.pk/images/rahbar/bolti2.jpg]
[rahbar.mindsurf.com.pk/index.php/doosra-hadaf/20-doosra-hadaf-1/17-bolti-tasweerein.html]
[rahbar.mindsurf.com.pk/index.php/doosra-hadaf/20-doosra-hadaf-1.html]
[rahbar.mindsurf.com.pk/index.php/doosra-hadaf/21-doosra-hadaf-2c0d0c0d0.html]
[rahbar.mindsurf.com.pk/index.php/doosra-hadaf/21-doosra-hadaf-27b177b17.html]
[rahbar.mindsurf.com.pk/images/rahbar/conv.jpg]
[rahbar.mindsurf.com.pk/index.php/doosra-hadaf/21-doosra-hadaf-2/21-conversation-ahoy.html]
[rahbar.mindsurf.com.pk/images/rahbar/khyber.jpg]
[rahbar.mindsurf.com.pk/index.php/doosra-hadaf/21-doosra-hadaf-2/20-karachi-ta-khyber.html]
[rahbar.mindsurf.com.pk/images/rahbar/tag.jpg]
[rahbar.mindsurf.com.pk/index.php/doosra-hadaf/21-doosra-hadaf-2/19-cycle-reinforcement-via-name-tags.html]
[rahbar.mindsurf.com.pk/index.php/doosra-hadaf/21-doosra-hadaf-2/16-taqdeer-se-soch.html]
[rahbar.mindsurf.com.pk/images/rahbar/usool.jpg]
[rahbar.mindsurf.com.pk/index.php/doosra-hadaf/21-doosra-hadaf-2/15-computer-kaisay-khareedein.html]
[rahbar.mindsurf.com.pk/images/rahbar/soccer.jpg]
[rahbar.mindsurf.com.pk/index.php/doosra-hadaf/21-doosra-hadaf-2/14-sports-for-soch-se-taqdeer.html]
[rahbar.mindsurf.com.pk/index.php/doosra-hadaf/21-doosra-hadaf-2.html]
[rahbar.mindsurf.com.pk/index.php/doosra-hadaf/22-doosra-hadaf-3c0d0c0d0.html]
[rahbar.mindsurf.com.pk/index.php/doosra-hadaf/22-doosra-hadaf-3.html]
[rahbar.mindsurf.com.pk/index.php/doosra-hadaf/22-doosra-hadaf-37b177b17.html]
[rahbar.mindsurf.com.pk/index.php/teesra-hadaf/24-teesra-hadaf-2c0d0c0d0.html]
[rahbar.mindsurf.com.pk/index.php/teesra-hadaf/24-teesra-hadaf-27b177b17.html]
[rahbar.mindsurf.com.pk/images/rahbar/obstacles.jpg]
[rahbar.mindsurf.com.pk/index.php/teesra-hadaf/24-teesra-hadaf-2/25-across-the-obstacles.html]
[rahbar.mindsurf.com.pk/index.php/teesra-hadaf/24-teesra-hadaf-2/24-tug-of-war.html]
[rahbar.mindsurf.com.pk/index.php/teesra-hadaf/24-teesra-hadaf-2/23-pre-planned-soccer.html]
[rahbar.mindsurf.com.pk/images/rahbar/bolti.jpg]
[rahbar.mindsurf.com.pk/index.php/teesra-hadaf/24-teesra-hadaf-2/22-hero-ki-soch.html]
[rahbar.mindsurf.com.pk/index.php/teesra-hadaf/24-teesra-hadaf-2.html]
[rahbar.mindsurf.com.pk/index.php/chautha-hadaf/25-chautha-hadaf-1c0d0c0d0.html]
[rahbar.mindsurf.com.pk/index.php/chautha-hadaf/25-chautha-hadaf-17b177b17.html]
[rahbar.mindsurf.com.pk/index.php/chautha-hadaf/25-chautha-hadaf-1/27-pae-charades.html]
[rahbar.mindsurf.com.pk/images/rahbar/exposure2.jpg]
[rahbar.mindsurf.com.pk/index.php/chautha-hadaf/25-chautha-hadaf-1.html]
[rahbar.mindsurf.com.pk/index.php/chautha-hadaf/25-chautha-hadaf-1/26-professions-chart.html]
[rahbar.mindsurf.com.pk/index.php/paanchwa-hadaf/26-paanchwa-hadaf-1c0d0c0d0]
[rahbar.mindsurf.com.pk/index.php/paanchwa-hadaf/26-paanchwa-hadaf-1/29-career-hopscotch.html]
[rahbar.mindsurf.com.pk/index.php/paanchwa-hadaf/26-paanchwa-hadaf-17b177b17]
[rahbar.mindsurf.com.pk/index.php/paanchwa-hadaf/26-paanchwa-hadaf-1.html]
[rahbar.mindsurf.com.pk/index.php/paanchwa-hadaf/26-paanchwa-hadaf-1/28-freeze-frame.html]
[rahbar.mindsurf.com.pk/index.php/paanchwa-hadaf/27-paanchwa-hadaf-2c0d0c0d0]
[rahbar.mindsurf.com.pk/index.php/paanchwa-hadaf/27-paanchwa-hadaf-27b177b17]
[rahbar.mindsurf.com.pk/images/rahbar/museebat.jpg]
[rahbar.mindsurf.com.pk/index.php/paanchwa-hadaf/27-paanchwa-hadaf-2.html]
[rahbar.mindsurf.com.pk/index.php/paanchwa-hadaf/27-paanchwa-hadaf-2/30-maasi-museebtay.html]
[rahbar.mindsurf.com.pk/index.php/paanchwa-hadaf/28-paanchwa-hadaf-3c0d0c0d0]
[rahbar.mindsurf.com.pk/index.php/paanchwa-hadaf/28-paanchwa-hadaf-37b177b17]
[rahbar.mindsurf.com.pk/index.php/paanchwa-hadaf/28-paanchwa-hadaf-3.html]
[rahbar.mindsurf.com.pk/index.php/pehla-hadaf/15-pehla-hadaf-1c0d0c0d0.html]
[rahbar.mindsurf.com.pk/index.php/pehla-hadaf/15-pehla-hadaf-17b177b17.html]
[rahbar.mindsurf.com.pk/index.php/pehla-hadaf/15-pehla-hadaf-1/8-traditional-elimination-games.html]
[rahbar.mindsurf.com.pk/index.php/pehla-hadaf/15-pehla-hadaf-1/7-two-truths-and-a-lie.html]
[rahbar.mindsurf.com.pk/index.php/pehla-hadaf/15-pehla-hadaf-1/6-my-awesome-secret.html]
[rahbar.mindsurf.com.pk/index.php/pehla-hadaf/15-pehla-hadaf-1/5-musical-chairs.html]
[rahbar.mindsurf.com.pk/index.php/pehla-hadaf/15-pehla-hadaf-1/3-my-name-in-action.html]
[rahbar.mindsurf.com.pk/index.php/pehla-hadaf/15-pehla-hadaf-1/2-web-of-yarn.html]
[rahbar.mindsurf.com.pk/index.php/pehla-hadaf/16-pehla-hadaf-2c0d0c0d0.html]
[rahbar.mindsurf.com.pk/index.php/pehla-hadaf/16-pehla-hadaf-27b177b17.html]
[rahbar.mindsurf.com.pk/index.php/pehla-hadaf/16-pehla-hadaf-2/10-treasure-hunt.html]
[rahbar.mindsurf.com.pk/index.php/pehla-hadaf/16-pehla-hadaf-2/9-good-bad-conduct-roleplays.html]
[rahbar.mindsurf.com.pk/index.php/pehla-hadaf/17-pehla-hadaf-3c0d0c0d0.html]
[rahbar.mindsurf.com.pk/index.php/pehla-hadaf/17-pehla-hadaf-37b177b17.html]
[rahbar.mindsurf.com.pk/index.php/pehla-hadaf/17-pehla-hadaf-3/12-habits-from-a-hat.html]
[rahbar.mindsurf.com.pk/index.php/pehla-hadaf/17-pehla-hadaf-3/11-aadatein-roleplays.html]
[rahbar.mindsurf.com.pk/index.php/pehla-hadaf/18-pehla-hadaf-4c0d0c0d0.html]
[rahbar.mindsurf.com.pk/index.php/pehla-hadaf/18-pehla-hadaf-47b177b17.html]
[rahbar.mindsurf.com.pk/index.php/pehla-hadaf/18-pehla-hadaf-4/13-voted-brainstorming.html]
[rahbar.mindsurf.com.pk/index.php/doosra-hadaf/20-doosra-hadaf-1c0d0c0d0.html]
[rahbar.mindsurf.com.pk/index.php/doosra-hadaf/20-doosra-hadaf-17b177b17.html]
[rahbar.mindsurf.com.pk/index.php/doosra-hadaf/20-doosra-hadaf-1/18-bare-essentials.html]
[rahbar.mindsurf.com.pk/index.php/doosra-hadaf/20-doosra-hadaf-1/17-bolti-tasweerein.html]
[rahbar.mindsurf.com.pk/index.php/doosra-hadaf/21-doosra-hadaf-2c0d0c0d0.html]
[rahbar.mindsurf.com.pk/index.php/doosra-hadaf/21-doosra-hadaf-27b177b17.html]
[rahbar.mindsurf.com.pk/index.php/paanchwa-hadaf/28-paanchwa-hadaf-3/31-chaubees-ghantay.html]
[rahbar.mindsurf.com.pk/index.php/doosra-hadaf/21-doosra-hadaf-2/21-conversation-ahoy.html]
[rahbar.mindsurf.com.pk/index.php/doosra-hadaf/21-doosra-hadaf-2/20-karachi-ta-khyber.html]
[rahbar.mindsurf.com.pk/index.php/doosra-hadaf/21-doosra-hadaf-2/19-cycle-reinforcement-via-name-tags.html]
[rahbar.mindsurf.com.pk/index.php/doosra-hadaf/21-doosra-hadaf-2/16-taqdeer-se-soch.html]
[rahbar.mindsurf.com.pk/index.php/doosra-hadaf/21-doosra-hadaf-2/15-computer-kaisay-khareedein.html]
[rahbar.mindsurf.com.pk/index.php/doosra-hadaf/21-doosra-hadaf-2/14-sports-for-soch-se-taqdeer.html]
[rahbar.mindsurf.com.pk/index.php/doosra-hadaf/22-doosra-hadaf-3c0d0c0d0.html]
[rahbar.mindsurf.com.pk/index.php/doosra-hadaf/22-doosra-hadaf-37b177b17.html]
[rahbar.mindsurf.com.pk/index.php/teesra-hadaf/24-teesra-hadaf-2c0d0c0d0.html]
[rahbar.mindsurf.com.pk/index.php/teesra-hadaf/24-teesra-hadaf-27b177b17.html]
[rahbar.mindsurf.com.pk/index.php/teesra-hadaf/24-teesra-hadaf-2/25-across-the-obstacles.html]
[rahbar.mindsurf.com.pk/index.php/teesra-hadaf/24-teesra-hadaf-2/24-tug-of-war.html]
[rahbar.mindsurf.com.pk/index.php/teesra-hadaf/24-teesra-hadaf-2/23-pre-planned-soccer.html]
[rahbar.mindsurf.com.pk/index.php/teesra-hadaf/24-teesra-hadaf-2/22-hero-ki-soch.html]
[rahbar.mindsurf.com.pk/index.php/chautha-hadaf/25-chautha-hadaf-1c0d0c0d0.html]
[rahbar.mindsurf.com.pk/index.php/chautha-hadaf/25-chautha-hadaf-17b177b17.html]
[rahbar.mindsurf.com.pk/index.php/chautha-hadaf/25-chautha-hadaf-1/27-pae-charades.html]
[rahbar.mindsurf.com.pk/images/rahbar/SST.png]
[rahbar.mindsurf.com.pk/index.php/chautha-hadaf/25-chautha-hadaf-1/26-professions-chart.html]
[rahbar.mindsurf.com.pk/images/rahbar/exposure2-2.jpg]
[rahbar.mindsurf.com.pk/index.php/paanchwa-hadaf/26-paanchwa-hadaf-1/29-career-hopscotch.html]
[rahbar.mindsurf.com.pk/index.php/paanchwa-hadaf/26-paanchwa-hadaf-1/28-freeze-frame.html]
[rahbar.mindsurf.com.pk/index.php/paanchwa-hadaf/27-paanchwa-hadaf-2/30-maasi-museebtay.html]
[rahbar.mindsurf.com.pk/index.php/paanchwa-hadaf/28-paanchwa-hadaf-3/31-chaubees-ghantay.html]
[rahbar.mindsurf.com.pk/images/rahbar/hopscotch1.jpg]
